[2021-04-21T15:44:02.741+0500][gc,heap] Heap region size: 1M
[2021-04-21T15:44:02.741+0500][gc,heap,coops] Heap address: 0x00000007c0000000, size: 1024 MB, Compressed Oops mode: Zero based, Oop shift amount: 3
[2021-04-21T15:44:02.749+0500][gc           ] Using G1
[2021-04-21T15:44:02.749+0500][gc,cds       ] Mark closed archive regions in map: [0x00000007fff00000, 0x00000007fff7aff8]
[2021-04-21T15:44:02.749+0500][gc,cds       ] Mark open archive regions in map: [0x00000007ffe00000, 0x00000007ffe50ff8]
[2021-04-21T15:44:02.764+0500][gc           ] Periodic GC disabled
[2021-04-21T15:44:08.726+0500][gc,start     ] GC(0) Pause Young (Normal) (G1 Evacuation Pause)
[2021-04-21T15:44:08.728+0500][gc,task      ] GC(0) Using 8 workers of 8 for evacuation
[2021-04-21T15:44:08.736+0500][gc,phases    ] GC(0)   Pre Evacuate Collection Set: 0.6ms
[2021-04-21T15:44:08.736+0500][gc,phases    ] GC(0)   Merge Heap Roots: 0.9ms
[2021-04-21T15:44:08.736+0500][gc,phases    ] GC(0)   Evacuate Collection Set: 3.8ms
[2021-04-21T15:44:08.736+0500][gc,phases    ] GC(0)   Post Evacuate Collection Set: 0.9ms
[2021-04-21T15:44:08.736+0500][gc,phases    ] GC(0)   Other: 3.4ms
[2021-04-21T15:44:08.736+0500][gc,heap      ] GC(0) Eden regions: 51->0(44)
[2021-04-21T15:44:08.736+0500][gc,heap      ] GC(0) Survivor regions: 0->7(7)
[2021-04-21T15:44:08.736+0500][gc,heap      ] GC(0) Old regions: 0->0
[2021-04-21T15:44:08.736+0500][gc,heap      ] GC(0) Archive regions: 2->2
[2021-04-21T15:44:08.736+0500][gc,heap      ] GC(0) Humongous regions: 0->0
[2021-04-21T15:44:08.736+0500][gc,metaspace ] GC(0) Metaspace: 14653K(15360K)->14653K(15360K) NonClass: 12803K(13312K)->12803K(13312K) Class: 1849K(2048K)->1849K(2048K)
[2021-04-21T15:44:08.736+0500][gc           ] GC(0) Pause Young (Normal) (G1 Evacuation Pause) 51M->6M(1024M) 10.162ms
[2021-04-21T15:44:08.736+0500][gc,cpu       ] GC(0) User=0.02s Sys=0.00s Real=0.01s
[2021-04-21T15:44:09.280+0500][gc,start     ] GC(1) Pause Young (Concurrent Start) (Metadata GC Threshold)
[2021-04-21T15:44:09.280+0500][gc,task      ] GC(1) Using 8 workers of 8 for evacuation
[2021-04-21T15:44:09.286+0500][gc,phases    ] GC(1)   Pre Evacuate Collection Set: 0.2ms
[2021-04-21T15:44:09.286+0500][gc,phases    ] GC(1)   Merge Heap Roots: 0.1ms
[2021-04-21T15:44:09.286+0500][gc,phases    ] GC(1)   Evacuate Collection Set: 4.7ms
[2021-04-21T15:44:09.286+0500][gc,phases    ] GC(1)   Post Evacuate Collection Set: 0.3ms
[2021-04-21T15:44:09.286+0500][gc,phases    ] GC(1)   Other: 0.9ms
[2021-04-21T15:44:09.286+0500][gc,heap      ] GC(1) Eden regions: 25->0(49)
[2021-04-21T15:44:09.287+0500][gc,heap      ] GC(1) Survivor regions: 7->2(7)
[2021-04-21T15:44:09.287+0500][gc,heap      ] GC(1) Old regions: 0->7
[2021-04-21T15:44:09.287+0500][gc,heap      ] GC(1) Archive regions: 2->2
[2021-04-21T15:44:09.287+0500][gc,heap      ] GC(1) Humongous regions: 0->0
[2021-04-21T15:44:09.287+0500][gc,metaspace ] GC(1) Metaspace: 20609K(21248K)->20609K(21248K) NonClass: 18040K(18432K)->18040K(18432K) Class: 2568K(2816K)->2568K(2816K)
[2021-04-21T15:44:09.287+0500][gc           ] GC(1) Pause Young (Concurrent Start) (Metadata GC Threshold) 31M->8M(1024M) 6.275ms
[2021-04-21T15:44:09.287+0500][gc,cpu       ] GC(1) User=0.03s Sys=0.01s Real=0.00s
[2021-04-21T15:44:09.287+0500][gc           ] GC(2) Concurrent Cycle
[2021-04-21T15:44:09.287+0500][gc,marking   ] GC(2) Concurrent Clear Claimed Marks
[2021-04-21T15:44:09.287+0500][gc,marking   ] GC(2) Concurrent Clear Claimed Marks 0.069ms
[2021-04-21T15:44:09.287+0500][gc,marking   ] GC(2) Concurrent Scan Root Regions
[2021-04-21T15:44:09.289+0500][gc,marking   ] GC(2) Concurrent Scan Root Regions 2.307ms
[2021-04-21T15:44:09.289+0500][gc,marking   ] GC(2) Concurrent Mark (6.573s)
[2021-04-21T15:44:09.289+0500][gc,marking   ] GC(2) Concurrent Mark From Roots
[2021-04-21T15:44:09.289+0500][gc,task      ] GC(2) Using 2 workers of 2 for marking
[2021-04-21T15:44:09.291+0500][gc,marking   ] GC(2) Concurrent Mark From Roots 1.653ms
[2021-04-21T15:44:09.291+0500][gc,marking   ] GC(2) Concurrent Preclean
[2021-04-21T15:44:09.291+0500][gc,marking   ] GC(2) Concurrent Preclean 0.025ms
[2021-04-21T15:44:09.291+0500][gc,marking   ] GC(2) Concurrent Mark (6.573s, 6.575s) 1.738ms
[2021-04-21T15:44:09.291+0500][gc,start     ] GC(2) Pause Remark
[2021-04-21T15:44:09.293+0500][gc           ] GC(2) Pause Remark 8M->8M(1024M) 1.095ms
[2021-04-21T15:44:09.293+0500][gc,cpu       ] GC(2) User=0.00s Sys=0.00s Real=0.00s
[2021-04-21T15:44:09.293+0500][gc,marking   ] GC(2) Concurrent Rebuild Remembered Sets
[2021-04-21T15:44:09.294+0500][gc,marking   ] GC(2) Concurrent Rebuild Remembered Sets 1.759ms
[2021-04-21T15:44:09.295+0500][gc,start     ] GC(2) Pause Cleanup
[2021-04-21T15:44:09.295+0500][gc           ] GC(2) Pause Cleanup 8M->8M(1024M) 0.124ms
[2021-04-21T15:44:09.295+0500][gc,cpu       ] GC(2) User=0.00s Sys=0.00s Real=0.00s
[2021-04-21T15:44:09.295+0500][gc,marking   ] GC(2) Concurrent Cleanup for Next Mark
[2021-04-21T15:44:09.300+0500][gc,marking   ] GC(2) Concurrent Cleanup for Next Mark 4.468ms
[2021-04-21T15:44:09.300+0500][gc           ] GC(2) Concurrent Cycle 12.996ms
[2021-04-21T15:44:10.020+0500][gc,start     ] GC(3) Pause Young (Normal) (G1 Evacuation Pause)
[2021-04-21T15:44:10.020+0500][gc,task      ] GC(3) Using 8 workers of 8 for evacuation
[2021-04-21T15:44:10.022+0500][gc,phases    ] GC(3)   Pre Evacuate Collection Set: 0.1ms
[2021-04-21T15:44:10.022+0500][gc,phases    ] GC(3)   Merge Heap Roots: 0.1ms
[2021-04-21T15:44:10.022+0500][gc,phases    ] GC(3)   Evacuate Collection Set: 2.0ms
[2021-04-21T15:44:10.022+0500][gc,phases    ] GC(3)   Post Evacuate Collection Set: 0.4ms
[2021-04-21T15:44:10.022+0500][gc,phases    ] GC(3)   Other: 0.1ms
[2021-04-21T15:44:10.022+0500][gc,heap      ] GC(3) Eden regions: 49->0(46)
[2021-04-21T15:44:10.022+0500][gc,heap      ] GC(3) Survivor regions: 2->5(7)
[2021-04-21T15:44:10.022+0500][gc,heap      ] GC(3) Old regions: 7->7
[2021-04-21T15:44:10.022+0500][gc,heap      ] GC(3) Archive regions: 2->2
[2021-04-21T15:44:10.022+0500][gc,heap      ] GC(3) Humongous regions: 129->129
[2021-04-21T15:44:10.022+0500][gc,metaspace ] GC(3) Metaspace: 28743K(29952K)->28743K(29952K) NonClass: 25379K(26112K)->25379K(26112K) Class: 3364K(3840K)->3364K(3840K)
[2021-04-21T15:44:10.022+0500][gc           ] GC(3) Pause Young (Normal) (G1 Evacuation Pause) 186M->140M(1024M) 2.776ms
[2021-04-21T15:44:10.023+0500][gc,cpu       ] GC(3) User=0.01s Sys=0.00s Real=0.00s
[2021-04-21T15:44:10.346+0500][gc,start     ] GC(4) Pause Young (Concurrent Start) (Metadata GC Threshold)
[2021-04-21T15:44:10.346+0500][gc,task      ] GC(4) Using 8 workers of 8 for evacuation
[2021-04-21T15:44:10.350+0500][gc,phases    ] GC(4)   Pre Evacuate Collection Set: 0.1ms
[2021-04-21T15:44:10.350+0500][gc,phases    ] GC(4)   Merge Heap Roots: 0.0ms
[2021-04-21T15:44:10.350+0500][gc,phases    ] GC(4)   Evacuate Collection Set: 3.1ms
[2021-04-21T15:44:10.350+0500][gc,phases    ] GC(4)   Post Evacuate Collection Set: 0.4ms
[2021-04-21T15:44:10.350+0500][gc,phases    ] GC(4)   Other: 0.2ms
[2021-04-21T15:44:10.350+0500][gc,heap      ] GC(4) Eden regions: 29->0(45)
[2021-04-21T15:44:10.350+0500][gc,heap      ] GC(4) Survivor regions: 5->6(7)
[2021-04-21T15:44:10.350+0500][gc,heap      ] GC(4) Old regions: 7->7
[2021-04-21T15:44:10.350+0500][gc,heap      ] GC(4) Archive regions: 2->2
[2021-04-21T15:44:10.350+0500][gc,heap      ] GC(4) Humongous regions: 129->129
[2021-04-21T15:44:10.350+0500][gc,metaspace ] GC(4) Metaspace: 34542K(35840K)->34542K(35840K) NonClass: 30558K(31232K)->30558K(31232K) Class: 3984K(4608K)->3984K(4608K)
[2021-04-21T15:44:10.350+0500][gc           ] GC(4) Pause Young (Concurrent Start) (Metadata GC Threshold) 168M->142M(1024M) 3.987ms
[2021-04-21T15:44:10.350+0500][gc,cpu       ] GC(4) User=0.02s Sys=0.01s Real=0.01s
[2021-04-21T15:44:10.350+0500][gc           ] GC(5) Concurrent Cycle
[2021-04-21T15:44:10.350+0500][gc,marking   ] GC(5) Concurrent Clear Claimed Marks
[2021-04-21T15:44:10.350+0500][gc,marking   ] GC(5) Concurrent Clear Claimed Marks 0.060ms
[2021-04-21T15:44:10.350+0500][gc,marking   ] GC(5) Concurrent Scan Root Regions
[2021-04-21T15:44:10.354+0500][gc,marking   ] GC(5) Concurrent Scan Root Regions 3.417ms
[2021-04-21T15:44:10.354+0500][gc,marking   ] GC(5) Concurrent Mark (7.637s)
[2021-04-21T15:44:10.354+0500][gc,marking   ] GC(5) Concurrent Mark From Roots
[2021-04-21T15:44:10.354+0500][gc,task      ] GC(5) Using 2 workers of 2 for marking
[2021-04-21T15:44:10.362+0500][gc,marking   ] GC(5) Concurrent Mark From Roots 8.716ms
[2021-04-21T15:44:10.362+0500][gc,marking   ] GC(5) Concurrent Preclean
[2021-04-21T15:44:10.362+0500][gc,marking   ] GC(5) Concurrent Preclean 0.083ms
[2021-04-21T15:44:10.362+0500][gc,marking   ] GC(5) Concurrent Mark (7.637s, 7.646s) 8.865ms
[2021-04-21T15:44:10.363+0500][gc,start     ] GC(5) Pause Remark
[2021-04-21T15:44:10.364+0500][gc           ] GC(5) Pause Remark 144M->144M(1024M) 1.282ms
[2021-04-21T15:44:10.364+0500][gc,cpu       ] GC(5) User=0.00s Sys=0.00s Real=0.00s
[2021-04-21T15:44:10.364+0500][gc,marking   ] GC(5) Concurrent Rebuild Remembered Sets
[2021-04-21T15:44:10.368+0500][gc,marking   ] GC(5) Concurrent Rebuild Remembered Sets 3.724ms
[2021-04-21T15:44:10.368+0500][gc,start     ] GC(5) Pause Cleanup
[2021-04-21T15:44:10.368+0500][gc           ] GC(5) Pause Cleanup 144M->144M(1024M) 0.133ms
[2021-04-21T15:44:10.368+0500][gc,cpu       ] GC(5) User=0.00s Sys=0.00s Real=0.00s
[2021-04-21T15:44:10.368+0500][gc,marking   ] GC(5) Concurrent Cleanup for Next Mark
[2021-04-21T15:44:10.373+0500][gc,marking   ] GC(5) Concurrent Cleanup for Next Mark 5.065ms
[2021-04-21T15:44:10.373+0500][gc           ] GC(5) Concurrent Cycle 23.353ms
[2021-04-21T15:48:34.172+0500][gc,start     ] GC(6) Pause Young (Concurrent Start) (G1 Evacuation Pause)
[2021-04-21T15:48:34.173+0500][gc,task      ] GC(6) Using 8 workers of 8 for evacuation
[2021-04-21T15:48:34.180+0500][gc,phases    ] GC(6)   Pre Evacuate Collection Set: 0.2ms
[2021-04-21T15:48:34.181+0500][gc,phases    ] GC(6)   Merge Heap Roots: 0.1ms
[2021-04-21T15:48:34.181+0500][gc,phases    ] GC(6)   Evacuate Collection Set: 6.5ms
[2021-04-21T15:48:34.181+0500][gc,phases    ] GC(6)   Post Evacuate Collection Set: 0.6ms
[2021-04-21T15:48:34.181+0500][gc,phases    ] GC(6)   Other: 1.0ms
[2021-04-21T15:48:34.181+0500][gc,heap      ] GC(6) Eden regions: 45->0(45)
[2021-04-21T15:48:34.181+0500][gc,heap      ] GC(6) Survivor regions: 6->6(7)
[2021-04-21T15:48:34.181+0500][gc,heap      ] GC(6) Old regions: 7->10
[2021-04-21T15:48:34.181+0500][gc,heap      ] GC(6) Archive regions: 2->2
[2021-04-21T15:48:34.181+0500][gc,heap      ] GC(6) Humongous regions: 135->129
[2021-04-21T15:48:34.181+0500][gc,metaspace ] GC(6) Metaspace: 40049K(42112K)->40049K(42112K) NonClass: 35173K(36352K)->35173K(36352K) Class: 4876K(5760K)->4876K(5760K)
[2021-04-21T15:48:34.181+0500][gc           ] GC(6) Pause Young (Concurrent Start) (G1 Evacuation Pause) 193M->144M(1024M) 8.655ms
[2021-04-21T15:48:34.181+0500][gc,cpu       ] GC(6) User=0.04s Sys=0.00s Real=0.01s
[2021-04-21T15:48:34.181+0500][gc           ] GC(7) Concurrent Cycle
[2021-04-21T15:48:34.181+0500][gc,marking   ] GC(7) Concurrent Clear Claimed Marks
[2021-04-21T15:48:34.181+0500][gc,marking   ] GC(7) Concurrent Clear Claimed Marks 0.164ms
[2021-04-21T15:48:34.181+0500][gc,marking   ] GC(7) Concurrent Scan Root Regions
[2021-04-21T15:48:34.185+0500][gc,marking   ] GC(7) Concurrent Scan Root Regions 3.581ms
[2021-04-21T15:48:34.185+0500][gc,marking   ] GC(7) Concurrent Mark (271.471s)
[2021-04-21T15:48:34.185+0500][gc,marking   ] GC(7) Concurrent Mark From Roots
[2021-04-21T15:48:34.185+0500][gc,task      ] GC(7) Using 2 workers of 2 for marking
[2021-04-21T15:48:34.190+0500][gc,marking   ] GC(7) Concurrent Mark From Roots 5.221ms
[2021-04-21T15:48:34.190+0500][gc,marking   ] GC(7) Concurrent Preclean
[2021-04-21T15:48:34.190+0500][gc,marking   ] GC(7) Concurrent Preclean 0.056ms
[2021-04-21T15:48:34.190+0500][gc,marking   ] GC(7) Concurrent Mark (271.471s, 271.477s) 5.336ms
[2021-04-21T15:48:34.190+0500][gc,start     ] GC(7) Pause Remark
[2021-04-21T15:48:34.192+0500][gc           ] GC(7) Pause Remark 145M->145M(1024M) 1.861ms
[2021-04-21T15:48:34.192+0500][gc,cpu       ] GC(7) User=0.01s Sys=0.00s Real=0.00s
[2021-04-21T15:48:34.192+0500][gc,marking   ] GC(7) Concurrent Rebuild Remembered Sets
[2021-04-21T15:48:34.196+0500][gc,marking   ] GC(7) Concurrent Rebuild Remembered Sets 4.255ms
[2021-04-21T15:48:34.197+0500][gc,start     ] GC(7) Pause Cleanup
[2021-04-21T15:48:34.197+0500][gc           ] GC(7) Pause Cleanup 145M->145M(1024M) 0.124ms
[2021-04-21T15:48:34.197+0500][gc,cpu       ] GC(7) User=0.00s Sys=0.00s Real=0.00s
[2021-04-21T15:48:34.197+0500][gc,marking   ] GC(7) Concurrent Cleanup for Next Mark
[2021-04-21T15:48:34.198+0500][gc,marking   ] GC(7) Concurrent Cleanup for Next Mark 1.279ms
[2021-04-21T15:48:34.198+0500][gc           ] GC(7) Concurrent Cycle 17.370ms
