[2021-04-19T16:11:31.193+0500][gc,heap] Heap region size: 1M
[2021-04-19T16:11:31.193+0500][gc,heap,coops] Heap address: 0x00000007c0000000, size: 1024 MB, Compressed Oops mode: Zero based, Oop shift amount: 3
[2021-04-19T16:11:31.203+0500][gc           ] Using G1
[2021-04-19T16:11:31.203+0500][gc,cds       ] Mark closed archive regions in map: [0x00000007fff00000, 0x00000007fff7aff8]
[2021-04-19T16:11:31.203+0500][gc,cds       ] Mark open archive regions in map: [0x00000007ffe00000, 0x00000007ffe50ff8]
[2021-04-19T16:11:31.219+0500][gc           ] Periodic GC disabled
[2021-04-19T16:11:37.214+0500][gc,start     ] GC(0) Pause Young (Normal) (G1 Evacuation Pause)
[2021-04-19T16:11:37.215+0500][gc,task      ] GC(0) Using 8 workers of 8 for evacuation
[2021-04-19T16:11:37.219+0500][gc,phases    ] GC(0)   Pre Evacuate Collection Set: 0.1ms
[2021-04-19T16:11:37.219+0500][gc,phases    ] GC(0)   Merge Heap Roots: 0.1ms
[2021-04-19T16:11:37.219+0500][gc,phases    ] GC(0)   Evacuate Collection Set: 3.8ms
[2021-04-19T16:11:37.219+0500][gc,phases    ] GC(0)   Post Evacuate Collection Set: 0.5ms
[2021-04-19T16:11:37.219+0500][gc,phases    ] GC(0)   Other: 0.8ms
[2021-04-19T16:11:37.219+0500][gc,heap      ] GC(0) Eden regions: 51->0(44)
[2021-04-19T16:11:37.219+0500][gc,heap      ] GC(0) Survivor regions: 0->7(7)
[2021-04-19T16:11:37.219+0500][gc,heap      ] GC(0) Old regions: 0->0
[2021-04-19T16:11:37.219+0500][gc,heap      ] GC(0) Archive regions: 2->2
[2021-04-19T16:11:37.219+0500][gc,heap      ] GC(0) Humongous regions: 0->0
[2021-04-19T16:11:37.219+0500][gc,metaspace ] GC(0) Metaspace: 14697K(15360K)->14697K(15360K) NonClass: 12843K(13312K)->12843K(13312K) Class: 1854K(2048K)->1854K(2048K)
[2021-04-19T16:11:37.220+0500][gc           ] GC(0) Pause Young (Normal) (G1 Evacuation Pause) 51M->7M(1024M) 5.467ms
[2021-04-19T16:11:37.220+0500][gc,cpu       ] GC(0) User=0.02s Sys=0.01s Real=0.01s
[2021-04-19T16:11:37.881+0500][gc,start     ] GC(1) Pause Young (Concurrent Start) (Metadata GC Threshold)
[2021-04-19T16:11:37.881+0500][gc,task      ] GC(1) Using 8 workers of 8 for evacuation
[2021-04-19T16:11:37.886+0500][gc,phases    ] GC(1)   Pre Evacuate Collection Set: 0.2ms
[2021-04-19T16:11:37.886+0500][gc,phases    ] GC(1)   Merge Heap Roots: 0.1ms
[2021-04-19T16:11:37.886+0500][gc,phases    ] GC(1)   Evacuate Collection Set: 3.9ms
[2021-04-19T16:11:37.886+0500][gc,phases    ] GC(1)   Post Evacuate Collection Set: 0.3ms
[2021-04-19T16:11:37.886+0500][gc,phases    ] GC(1)   Other: 0.3ms
[2021-04-19T16:11:37.886+0500][gc,heap      ] GC(1) Eden regions: 26->0(49)
[2021-04-19T16:11:37.886+0500][gc,heap      ] GC(1) Survivor regions: 7->2(7)
[2021-04-19T16:11:37.886+0500][gc,heap      ] GC(1) Old regions: 0->7
[2021-04-19T16:11:37.886+0500][gc,heap      ] GC(1) Archive regions: 2->2
[2021-04-19T16:11:37.886+0500][gc,heap      ] GC(1) Humongous regions: 0->0
[2021-04-19T16:11:37.886+0500][gc,metaspace ] GC(1) Metaspace: 20611K(21248K)->20611K(21248K) NonClass: 18049K(18432K)->18049K(18432K) Class: 2562K(2816K)->2562K(2816K)
[2021-04-19T16:11:37.886+0500][gc           ] GC(1) Pause Young (Concurrent Start) (Metadata GC Threshold) 32M->8M(1024M) 4.797ms
[2021-04-19T16:11:37.886+0500][gc,cpu       ] GC(1) User=0.02s Sys=0.00s Real=0.00s
[2021-04-19T16:11:37.886+0500][gc           ] GC(2) Concurrent Cycle
[2021-04-19T16:11:37.886+0500][gc,marking   ] GC(2) Concurrent Clear Claimed Marks
[2021-04-19T16:11:37.886+0500][gc,marking   ] GC(2) Concurrent Clear Claimed Marks 0.037ms
[2021-04-19T16:11:37.886+0500][gc,marking   ] GC(2) Concurrent Scan Root Regions
[2021-04-19T16:11:37.888+0500][gc,marking   ] GC(2) Concurrent Scan Root Regions 2.248ms
[2021-04-19T16:11:37.888+0500][gc,marking   ] GC(2) Concurrent Mark (6.727s)
[2021-04-19T16:11:37.888+0500][gc,marking   ] GC(2) Concurrent Mark From Roots
[2021-04-19T16:11:37.888+0500][gc,task      ] GC(2) Using 2 workers of 2 for marking
[2021-04-19T16:11:37.947+0500][gc,marking   ] GC(2) Concurrent Mark From Roots 58.795ms
[2021-04-19T16:11:37.947+0500][gc,marking   ] GC(2) Concurrent Preclean
[2021-04-19T16:11:37.947+0500][gc,marking   ] GC(2) Concurrent Preclean 0.026ms
[2021-04-19T16:11:37.947+0500][gc,marking   ] GC(2) Concurrent Mark (6.727s, 6.786s) 58.911ms
[2021-04-19T16:11:37.947+0500][gc,start     ] GC(2) Pause Remark
[2021-04-19T16:11:37.948+0500][gc           ] GC(2) Pause Remark 137M->137M(1024M) 0.705ms
[2021-04-19T16:11:37.948+0500][gc,cpu       ] GC(2) User=0.00s Sys=0.00s Real=0.00s
[2021-04-19T16:11:37.948+0500][gc,marking   ] GC(2) Concurrent Rebuild Remembered Sets
[2021-04-19T16:11:37.950+0500][gc,marking   ] GC(2) Concurrent Rebuild Remembered Sets 2.144ms
[2021-04-19T16:11:37.951+0500][gc,start     ] GC(2) Pause Cleanup
[2021-04-19T16:11:37.951+0500][gc           ] GC(2) Pause Cleanup 137M->137M(1024M) 0.110ms
[2021-04-19T16:11:37.951+0500][gc,cpu       ] GC(2) User=0.00s Sys=0.00s Real=0.00s
[2021-04-19T16:11:37.951+0500][gc,marking   ] GC(2) Concurrent Cleanup for Next Mark
[2021-04-19T16:11:37.956+0500][gc,marking   ] GC(2) Concurrent Cleanup for Next Mark 5.131ms
[2021-04-19T16:11:37.956+0500][gc           ] GC(2) Concurrent Cycle 70.171ms
[2021-04-19T16:11:38.504+0500][gc,start     ] GC(3) Pause Young (Normal) (G1 Evacuation Pause)
[2021-04-19T16:11:38.504+0500][gc,task      ] GC(3) Using 8 workers of 8 for evacuation
[2021-04-19T16:11:38.507+0500][gc,phases    ] GC(3)   Pre Evacuate Collection Set: 0.1ms
[2021-04-19T16:11:38.507+0500][gc,phases    ] GC(3)   Merge Heap Roots: 0.0ms
[2021-04-19T16:11:38.507+0500][gc,phases    ] GC(3)   Evacuate Collection Set: 2.3ms
[2021-04-19T16:11:38.507+0500][gc,phases    ] GC(3)   Post Evacuate Collection Set: 0.3ms
[2021-04-19T16:11:38.507+0500][gc,phases    ] GC(3)   Other: 0.5ms
[2021-04-19T16:11:38.507+0500][gc,heap      ] GC(3) Eden regions: 49->0(46)
[2021-04-19T16:11:38.507+0500][gc,heap      ] GC(3) Survivor regions: 2->5(7)
[2021-04-19T16:11:38.507+0500][gc,heap      ] GC(3) Old regions: 7->7
[2021-04-19T16:11:38.507+0500][gc,heap      ] GC(3) Archive regions: 2->2
[2021-04-19T16:11:38.507+0500][gc,heap      ] GC(3) Humongous regions: 129->129
[2021-04-19T16:11:38.507+0500][gc,metaspace ] GC(3) Metaspace: 29559K(30716K)->29559K(30716K) NonClass: 26188K(26880K)->26188K(26880K) Class: 3370K(3836K)->3370K(3836K)
[2021-04-19T16:11:38.507+0500][gc           ] GC(3) Pause Young (Normal) (G1 Evacuation Pause) 186M->140M(1024M) 3.297ms
[2021-04-19T16:11:38.507+0500][gc,cpu       ] GC(3) User=0.02s Sys=0.00s Real=0.00s
[2021-04-19T16:13:43.630+0500][gc,start     ] GC(4) Pause Young (Concurrent Start) (Metadata GC Threshold)
[2021-04-19T16:13:43.630+0500][gc,task      ] GC(4) Using 8 workers of 8 for evacuation
[2021-04-19T16:13:43.637+0500][gc,phases    ] GC(4)   Pre Evacuate Collection Set: 0.4ms
[2021-04-19T16:13:43.637+0500][gc,phases    ] GC(4)   Merge Heap Roots: 0.1ms
[2021-04-19T16:13:43.637+0500][gc,phases    ] GC(4)   Evacuate Collection Set: 5.7ms
[2021-04-19T16:13:43.637+0500][gc,phases    ] GC(4)   Post Evacuate Collection Set: 0.4ms
[2021-04-19T16:13:43.637+0500][gc,phases    ] GC(4)   Other: 0.8ms
[2021-04-19T16:13:43.637+0500][gc,heap      ] GC(4) Eden regions: 25->0(49)
[2021-04-19T16:13:43.637+0500][gc,heap      ] GC(4) Survivor regions: 5->2(7)
[2021-04-19T16:13:43.637+0500][gc,heap      ] GC(4) Old regions: 7->11
[2021-04-19T16:13:43.637+0500][gc,heap      ] GC(4) Archive regions: 2->2
[2021-04-19T16:13:43.637+0500][gc,heap      ] GC(4) Humongous regions: 129->129
[2021-04-19T16:13:43.637+0500][gc,metaspace ] GC(4) Metaspace: 34771K(36048K)->34771K(36048K) NonClass: 30694K(31444K)->30694K(31444K) Class: 4076K(4604K)->4076K(4604K)
[2021-04-19T16:13:43.637+0500][gc           ] GC(4) Pause Young (Concurrent Start) (Metadata GC Threshold) 164M->141M(1024M) 7.436ms
[2021-04-19T16:13:43.637+0500][gc,cpu       ] GC(4) User=0.03s Sys=0.00s Real=0.00s
[2021-04-19T16:13:43.637+0500][gc           ] GC(5) Concurrent Cycle
[2021-04-19T16:13:43.637+0500][gc,marking   ] GC(5) Concurrent Clear Claimed Marks
[2021-04-19T16:13:43.637+0500][gc,marking   ] GC(5) Concurrent Clear Claimed Marks 0.141ms
[2021-04-19T16:13:43.637+0500][gc,marking   ] GC(5) Concurrent Scan Root Regions
[2021-04-19T16:13:43.644+0500][gc,marking   ] GC(5) Concurrent Scan Root Regions 7.086ms
[2021-04-19T16:13:43.644+0500][gc,marking   ] GC(5) Concurrent Mark (132.484s)
[2021-04-19T16:13:43.644+0500][gc,marking   ] GC(5) Concurrent Mark From Roots
[2021-04-19T16:13:43.645+0500][gc,task      ] GC(5) Using 2 workers of 2 for marking
[2021-04-19T16:13:43.653+0500][gc,marking   ] GC(5) Concurrent Mark From Roots 8.049ms
[2021-04-19T16:13:43.653+0500][gc,marking   ] GC(5) Concurrent Preclean
[2021-04-19T16:13:43.653+0500][gc,marking   ] GC(5) Concurrent Preclean 0.119ms
[2021-04-19T16:13:43.653+0500][gc,marking   ] GC(5) Concurrent Mark (132.484s, 132.493s) 8.275ms
[2021-04-19T16:13:43.653+0500][gc,start     ] GC(5) Pause Remark
[2021-04-19T16:13:43.655+0500][gc           ] GC(5) Pause Remark 142M->142M(1024M) 1.600ms
[2021-04-19T16:13:43.655+0500][gc,cpu       ] GC(5) User=0.01s Sys=0.00s Real=0.00s
[2021-04-19T16:13:43.655+0500][gc,marking   ] GC(5) Concurrent Rebuild Remembered Sets
[2021-04-19T16:13:43.662+0500][gc,marking   ] GC(5) Concurrent Rebuild Remembered Sets 6.567ms
[2021-04-19T16:13:43.662+0500][gc,start     ] GC(5) Pause Cleanup
[2021-04-19T16:13:43.662+0500][gc           ] GC(5) Pause Cleanup 143M->143M(1024M) 0.255ms
[2021-04-19T16:13:43.662+0500][gc,cpu       ] GC(5) User=0.00s Sys=0.00s Real=0.00s
[2021-04-19T16:13:43.662+0500][gc,marking   ] GC(5) Concurrent Cleanup for Next Mark
[2021-04-19T16:13:43.670+0500][gc,marking   ] GC(5) Concurrent Cleanup for Next Mark 7.067ms
[2021-04-19T16:13:43.670+0500][gc           ] GC(5) Concurrent Cycle 32.435ms
[2021-04-19T16:13:48.165+0500][gc,heap,exit ] Heap
[2021-04-19T16:13:48.165+0500][gc,heap,exit ]  garbage-first heap   total 1048576K, used 152111K [0x00000007c0000000, 0x0000000800000000)
[2021-04-19T16:13:48.165+0500][gc,heap,exit ]   region size 1024K, 10 young (10240K), 2 survivors (2048K)
[2021-04-19T16:13:48.165+0500][gc,heap,exit ]  Metaspace       used 35318K, capacity 36623K, committed 36816K, reserved 1081344K
[2021-04-19T16:13:48.165+0500][gc,heap,exit ]   class space    used 4208K, capacity 4789K, committed 4860K, reserved 1048576K
