[2021-04-21T09:08:50.435+0500][gc,heap] Heap region size: 1M
[2021-04-21T09:08:50.435+0500][gc,heap,coops] Heap address: 0x00000007c0000000, size: 1024 MB, Compressed Oops mode: Zero based, Oop shift amount: 3
[2021-04-21T09:08:50.444+0500][gc           ] Using G1
[2021-04-21T09:08:50.444+0500][gc,cds       ] Mark closed archive regions in map: [0x00000007fff00000, 0x00000007fff7aff8]
[2021-04-21T09:08:50.444+0500][gc,cds       ] Mark open archive regions in map: [0x00000007ffe00000, 0x00000007ffe50ff8]
[2021-04-21T09:08:50.459+0500][gc           ] Periodic GC disabled
[2021-04-21T09:08:56.449+0500][gc,start     ] GC(0) Pause Young (Normal) (G1 Evacuation Pause)
[2021-04-21T09:08:56.450+0500][gc,task      ] GC(0) Using 8 workers of 8 for evacuation
[2021-04-21T09:08:56.454+0500][gc,phases    ] GC(0)   Pre Evacuate Collection Set: 0.1ms
[2021-04-21T09:08:56.454+0500][gc,phases    ] GC(0)   Merge Heap Roots: 0.0ms
[2021-04-21T09:08:56.454+0500][gc,phases    ] GC(0)   Evacuate Collection Set: 3.4ms
[2021-04-21T09:08:56.454+0500][gc,phases    ] GC(0)   Post Evacuate Collection Set: 0.3ms
[2021-04-21T09:08:56.454+0500][gc,phases    ] GC(0)   Other: 0.4ms
[2021-04-21T09:08:56.454+0500][gc,heap      ] GC(0) Eden regions: 51->0(44)
[2021-04-21T09:08:56.454+0500][gc,heap      ] GC(0) Survivor regions: 0->7(7)
[2021-04-21T09:08:56.454+0500][gc,heap      ] GC(0) Old regions: 0->0
[2021-04-21T09:08:56.454+0500][gc,heap      ] GC(0) Archive regions: 2->2
[2021-04-21T09:08:56.454+0500][gc,heap      ] GC(0) Humongous regions: 0->0
[2021-04-21T09:08:56.454+0500][gc,metaspace ] GC(0) Metaspace: 14652K(15360K)->14652K(15360K) NonClass: 12804K(13312K)->12804K(13312K) Class: 1848K(2048K)->1848K(2048K)
[2021-04-21T09:08:56.454+0500][gc           ] GC(0) Pause Young (Normal) (G1 Evacuation Pause) 51M->7M(1024M) 4.367ms
[2021-04-21T09:08:56.454+0500][gc,cpu       ] GC(0) User=0.02s Sys=0.00s Real=0.01s
[2021-04-21T09:08:56.986+0500][gc,start     ] GC(1) Pause Young (Concurrent Start) (Metadata GC Threshold)
[2021-04-21T09:08:56.986+0500][gc,task      ] GC(1) Using 8 workers of 8 for evacuation
[2021-04-21T09:08:56.990+0500][gc,phases    ] GC(1)   Pre Evacuate Collection Set: 0.1ms
[2021-04-21T09:08:56.990+0500][gc,phases    ] GC(1)   Merge Heap Roots: 0.1ms
[2021-04-21T09:08:56.990+0500][gc,phases    ] GC(1)   Evacuate Collection Set: 3.8ms
[2021-04-21T09:08:56.990+0500][gc,phases    ] GC(1)   Post Evacuate Collection Set: 0.3ms
[2021-04-21T09:08:56.990+0500][gc,phases    ] GC(1)   Other: 0.3ms
[2021-04-21T09:08:56.990+0500][gc,heap      ] GC(1) Eden regions: 25->0(49)
[2021-04-21T09:08:56.991+0500][gc,heap      ] GC(1) Survivor regions: 7->2(7)
[2021-04-21T09:08:56.991+0500][gc,heap      ] GC(1) Old regions: 0->7
[2021-04-21T09:08:56.991+0500][gc,heap      ] GC(1) Archive regions: 2->2
[2021-04-21T09:08:56.991+0500][gc,heap      ] GC(1) Humongous regions: 0->0
[2021-04-21T09:08:56.991+0500][gc,metaspace ] GC(1) Metaspace: 20672K(21248K)->20672K(21248K) NonClass: 18089K(18432K)->18089K(18432K) Class: 2582K(2816K)->2582K(2816K)
[2021-04-21T09:08:56.991+0500][gc           ] GC(1) Pause Young (Concurrent Start) (Metadata GC Threshold) 32M->7M(1024M) 4.697ms
[2021-04-21T09:08:56.991+0500][gc,cpu       ] GC(1) User=0.02s Sys=0.00s Real=0.01s
[2021-04-21T09:08:56.991+0500][gc           ] GC(2) Concurrent Cycle
[2021-04-21T09:08:56.991+0500][gc,marking   ] GC(2) Concurrent Clear Claimed Marks
[2021-04-21T09:08:56.991+0500][gc,marking   ] GC(2) Concurrent Clear Claimed Marks 0.034ms
[2021-04-21T09:08:56.991+0500][gc,marking   ] GC(2) Concurrent Scan Root Regions
[2021-04-21T09:08:56.993+0500][gc,marking   ] GC(2) Concurrent Scan Root Regions 1.974ms
[2021-04-21T09:08:56.993+0500][gc,marking   ] GC(2) Concurrent Mark (6.582s)
[2021-04-21T09:08:56.993+0500][gc,marking   ] GC(2) Concurrent Mark From Roots
[2021-04-21T09:08:56.993+0500][gc,task      ] GC(2) Using 2 workers of 2 for marking
[2021-04-21T09:08:56.994+0500][gc,marking   ] GC(2) Concurrent Mark From Roots 1.023ms
[2021-04-21T09:08:56.994+0500][gc,marking   ] GC(2) Concurrent Preclean
[2021-04-21T09:08:56.994+0500][gc,marking   ] GC(2) Concurrent Preclean 0.026ms
[2021-04-21T09:08:56.994+0500][gc,marking   ] GC(2) Concurrent Mark (6.582s, 6.583s) 1.109ms
[2021-04-21T09:08:56.994+0500][gc,start     ] GC(2) Pause Remark
[2021-04-21T09:08:56.995+0500][gc           ] GC(2) Pause Remark 8M->8M(1024M) 0.685ms
[2021-04-21T09:08:56.995+0500][gc,cpu       ] GC(2) User=0.00s Sys=0.00s Real=0.00s
[2021-04-21T09:08:56.995+0500][gc,marking   ] GC(2) Concurrent Rebuild Remembered Sets
[2021-04-21T09:08:56.996+0500][gc,marking   ] GC(2) Concurrent Rebuild Remembered Sets 1.620ms
[2021-04-21T09:08:56.997+0500][gc,start     ] GC(2) Pause Cleanup
[2021-04-21T09:08:56.997+0500][gc           ] GC(2) Pause Cleanup 8M->8M(1024M) 0.125ms
[2021-04-21T09:08:56.997+0500][gc,cpu       ] GC(2) User=0.00s Sys=0.00s Real=0.00s
[2021-04-21T09:08:56.997+0500][gc,marking   ] GC(2) Concurrent Cleanup for Next Mark
[2021-04-21T09:08:57.002+0500][gc,marking   ] GC(2) Concurrent Cleanup for Next Mark 4.861ms
[2021-04-21T09:08:57.002+0500][gc           ] GC(2) Concurrent Cycle 11.490ms
[2021-04-21T09:08:57.614+0500][gc,start     ] GC(3) Pause Young (Normal) (G1 Evacuation Pause)
[2021-04-21T09:08:57.614+0500][gc,task      ] GC(3) Using 8 workers of 8 for evacuation
[2021-04-21T09:08:57.617+0500][gc,phases    ] GC(3)   Pre Evacuate Collection Set: 0.1ms
[2021-04-21T09:08:57.617+0500][gc,phases    ] GC(3)   Merge Heap Roots: 0.1ms
[2021-04-21T09:08:57.617+0500][gc,phases    ] GC(3)   Evacuate Collection Set: 2.4ms
[2021-04-21T09:08:57.617+0500][gc,phases    ] GC(3)   Post Evacuate Collection Set: 0.3ms
[2021-04-21T09:08:57.617+0500][gc,phases    ] GC(3)   Other: 0.1ms
[2021-04-21T09:08:57.617+0500][gc,heap      ] GC(3) Eden regions: 49->0(46)
[2021-04-21T09:08:57.617+0500][gc,heap      ] GC(3) Survivor regions: 2->5(7)
[2021-04-21T09:08:57.617+0500][gc,heap      ] GC(3) Old regions: 7->7
[2021-04-21T09:08:57.617+0500][gc,heap      ] GC(3) Archive regions: 2->2
[2021-04-21T09:08:57.617+0500][gc,heap      ] GC(3) Humongous regions: 129->129
[2021-04-21T09:08:57.617+0500][gc,metaspace ] GC(3) Metaspace: 29668K(30720K)->29668K(30720K) NonClass: 26235K(26880K)->26235K(26880K) Class: 3433K(3840K)->3433K(3840K)
[2021-04-21T09:08:57.617+0500][gc           ] GC(3) Pause Young (Normal) (G1 Evacuation Pause) 185M->140M(1024M) 3.135ms
[2021-04-21T09:08:57.617+0500][gc,cpu       ] GC(3) User=0.01s Sys=0.00s Real=0.00s
[2021-04-21T09:10:36.400+0500][gc,start     ] GC(4) Pause Young (Concurrent Start) (Metadata GC Threshold)
[2021-04-21T09:10:36.400+0500][gc,task      ] GC(4) Using 8 workers of 8 for evacuation
[2021-04-21T09:10:36.405+0500][gc,phases    ] GC(4)   Pre Evacuate Collection Set: 0.2ms
[2021-04-21T09:10:36.406+0500][gc,phases    ] GC(4)   Merge Heap Roots: 0.1ms
[2021-04-21T09:10:36.406+0500][gc,phases    ] GC(4)   Evacuate Collection Set: 4.3ms
[2021-04-21T09:10:36.406+0500][gc,phases    ] GC(4)   Post Evacuate Collection Set: 0.4ms
[2021-04-21T09:10:36.406+0500][gc,phases    ] GC(4)   Other: 0.6ms
[2021-04-21T09:10:36.406+0500][gc,heap      ] GC(4) Eden regions: 23->0(49)
[2021-04-21T09:10:36.406+0500][gc,heap      ] GC(4) Survivor regions: 5->2(7)
[2021-04-21T09:10:36.406+0500][gc,heap      ] GC(4) Old regions: 7->11
[2021-04-21T09:10:36.406+0500][gc,heap      ] GC(4) Archive regions: 2->2
[2021-04-21T09:10:36.406+0500][gc,heap      ] GC(4) Humongous regions: 129->129
[2021-04-21T09:10:36.406+0500][gc,metaspace ] GC(4) Metaspace: 34588K(35840K)->34588K(35840K) NonClass: 30522K(31232K)->30522K(31232K) Class: 4065K(4608K)->4065K(4608K)
[2021-04-21T09:10:36.406+0500][gc           ] GC(4) Pause Young (Concurrent Start) (Metadata GC Threshold) 163M->141M(1024M) 5.764ms
[2021-04-21T09:10:36.406+0500][gc,cpu       ] GC(4) User=0.03s Sys=0.00s Real=0.00s
[2021-04-21T09:10:36.406+0500][gc           ] GC(5) Concurrent Cycle
[2021-04-21T09:10:36.406+0500][gc,marking   ] GC(5) Concurrent Clear Claimed Marks
[2021-04-21T09:10:36.406+0500][gc,marking   ] GC(5) Concurrent Clear Claimed Marks 0.098ms
[2021-04-21T09:10:36.406+0500][gc,marking   ] GC(5) Concurrent Scan Root Regions
[2021-04-21T09:10:36.409+0500][gc,marking   ] GC(5) Concurrent Scan Root Regions 3.123ms
[2021-04-21T09:10:36.409+0500][gc,marking   ] GC(5) Concurrent Mark (105.998s)
[2021-04-21T09:10:36.409+0500][gc,marking   ] GC(5) Concurrent Mark From Roots
[2021-04-21T09:10:36.409+0500][gc,task      ] GC(5) Using 2 workers of 2 for marking
[2021-04-21T09:10:36.414+0500][gc,marking   ] GC(5) Concurrent Mark From Roots 4.895ms
[2021-04-21T09:10:36.414+0500][gc,marking   ] GC(5) Concurrent Preclean
[2021-04-21T09:10:36.414+0500][gc,marking   ] GC(5) Concurrent Preclean 0.063ms
[2021-04-21T09:10:36.414+0500][gc,marking   ] GC(5) Concurrent Mark (105.998s, 106.003s) 5.010ms
[2021-04-21T09:10:36.414+0500][gc,start     ] GC(5) Pause Remark
[2021-04-21T09:10:36.415+0500][gc           ] GC(5) Pause Remark 142M->142M(1024M) 1.218ms
[2021-04-21T09:10:36.416+0500][gc,cpu       ] GC(5) User=0.00s Sys=0.00s Real=0.00s
[2021-04-21T09:10:36.416+0500][gc,marking   ] GC(5) Concurrent Rebuild Remembered Sets
[2021-04-21T09:10:36.420+0500][gc,marking   ] GC(5) Concurrent Rebuild Remembered Sets 4.816ms
[2021-04-21T09:10:36.421+0500][gc,start     ] GC(5) Pause Cleanup
[2021-04-21T09:10:36.421+0500][gc           ] GC(5) Pause Cleanup 142M->142M(1024M) 0.152ms
[2021-04-21T09:10:36.421+0500][gc,cpu       ] GC(5) User=0.00s Sys=0.00s Real=0.00s
[2021-04-21T09:10:36.421+0500][gc,marking   ] GC(5) Concurrent Cleanup for Next Mark
[2021-04-21T09:10:36.427+0500][gc,marking   ] GC(5) Concurrent Cleanup for Next Mark 5.916ms
[2021-04-21T09:10:36.427+0500][gc           ] GC(5) Concurrent Cycle 21.183ms
[2021-04-21T09:16:29.144+0500][gc,start     ] GC(6) Pause Young (Normal) (G1 Evacuation Pause)
[2021-04-21T09:16:29.145+0500][gc,task      ] GC(6) Using 8 workers of 8 for evacuation
[2021-04-21T09:16:29.152+0500][gc,phases    ] GC(6)   Pre Evacuate Collection Set: 0.2ms
[2021-04-21T09:16:29.152+0500][gc,phases    ] GC(6)   Merge Heap Roots: 0.1ms
[2021-04-21T09:16:29.152+0500][gc,phases    ] GC(6)   Evacuate Collection Set: 6.3ms
[2021-04-21T09:16:29.152+0500][gc,phases    ] GC(6)   Post Evacuate Collection Set: 0.8ms
[2021-04-21T09:16:29.153+0500][gc,phases    ] GC(6)   Other: 1.1ms
[2021-04-21T09:16:29.153+0500][gc,heap      ] GC(6) Eden regions: 49->0(46)
[2021-04-21T09:16:29.153+0500][gc,heap      ] GC(6) Survivor regions: 2->5(7)
[2021-04-21T09:16:29.153+0500][gc,heap      ] GC(6) Old regions: 11->11
[2021-04-21T09:16:29.153+0500][gc,heap      ] GC(6) Archive regions: 2->2
[2021-04-21T09:16:29.153+0500][gc,heap      ] GC(6) Humongous regions: 129->129
[2021-04-21T09:16:29.153+0500][gc,metaspace ] GC(6) Metaspace: 39832K(41932K)->39832K(41932K) NonClass: 34928K(36096K)->34928K(36096K) Class: 4904K(5836K)->4904K(5836K)
[2021-04-21T09:16:29.153+0500][gc           ] GC(6) Pause Young (Normal) (G1 Evacuation Pause) 190M->144M(1024M) 8.736ms
[2021-04-21T09:16:29.153+0500][gc,cpu       ] GC(6) User=0.03s Sys=0.00s Real=0.01s
[2021-04-21T09:28:31.551+0500][gc,start     ] GC(7) Pause Young (Normal) (G1 Evacuation Pause)
[2021-04-21T09:28:31.552+0500][gc,task      ] GC(7) Using 8 workers of 8 for evacuation
[2021-04-21T09:28:31.560+0500][gc,phases    ] GC(7)   Pre Evacuate Collection Set: 0.2ms
[2021-04-21T09:28:31.560+0500][gc,phases    ] GC(7)   Merge Heap Roots: 0.1ms
[2021-04-21T09:28:31.560+0500][gc,phases    ] GC(7)   Evacuate Collection Set: 7.0ms
[2021-04-21T09:28:31.560+0500][gc,phases    ] GC(7)   Post Evacuate Collection Set: 0.7ms
[2021-04-21T09:28:31.560+0500][gc,phases    ] GC(7)   Other: 1.4ms
[2021-04-21T09:28:31.561+0500][gc,heap      ] GC(7) Eden regions: 46->0(46)
[2021-04-21T09:28:31.561+0500][gc,heap      ] GC(7) Survivor regions: 5->5(7)
[2021-04-21T09:28:31.561+0500][gc,heap      ] GC(7) Old regions: 11->12
[2021-04-21T09:28:31.561+0500][gc,heap      ] GC(7) Archive regions: 2->2
[2021-04-21T09:28:31.561+0500][gc,heap      ] GC(7) Humongous regions: 129->129
[2021-04-21T09:28:31.561+0500][gc,metaspace ] GC(7) Metaspace: 40421K(42444K)->40421K(42444K) NonClass: 35497K(36608K)->35497K(36608K) Class: 4924K(5836K)->4924K(5836K)
[2021-04-21T09:28:31.561+0500][gc           ] GC(7) Pause Young (Normal) (G1 Evacuation Pause) 190M->146M(1024M) 9.533ms
[2021-04-21T09:28:31.561+0500][gc,cpu       ] GC(7) User=0.05s Sys=0.01s Real=0.01s
[2021-04-21T09:41:20.088+0500][gc,start     ] GC(8) Pause Young (Normal) (G1 Evacuation Pause)
[2021-04-21T09:41:20.090+0500][gc,task      ] GC(8) Using 8 workers of 8 for evacuation
[2021-04-21T09:41:20.097+0500][gc,phases    ] GC(8)   Pre Evacuate Collection Set: 0.2ms
[2021-04-21T09:41:20.097+0500][gc,phases    ] GC(8)   Merge Heap Roots: 0.2ms
[2021-04-21T09:41:20.097+0500][gc,phases    ] GC(8)   Evacuate Collection Set: 6.0ms
[2021-04-21T09:41:20.097+0500][gc,phases    ] GC(8)   Post Evacuate Collection Set: 0.5ms
[2021-04-21T09:41:20.097+0500][gc,phases    ] GC(8)   Other: 1.8ms
[2021-04-21T09:41:20.097+0500][gc,heap      ] GC(8) Eden regions: 46->0(61)
[2021-04-21T09:41:20.097+0500][gc,heap      ] GC(8) Survivor regions: 5->3(7)
[2021-04-21T09:41:20.097+0500][gc,heap      ] GC(8) Old regions: 12->14
[2021-04-21T09:41:20.097+0500][gc,heap      ] GC(8) Archive regions: 2->2
[2021-04-21T09:41:20.097+0500][gc,heap      ] GC(8) Humongous regions: 129->129
[2021-04-21T09:41:20.097+0500][gc,metaspace ] GC(8) Metaspace: 40594K(42700K)->40594K(42700K) NonClass: 35669K(36864K)->35669K(36864K) Class: 4924K(5836K)->4924K(5836K)
[2021-04-21T09:41:20.097+0500][gc           ] GC(8) Pause Young (Normal) (G1 Evacuation Pause) 192M->146M(1024M) 8.729ms
[2021-04-21T09:41:20.097+0500][gc,cpu       ] GC(8) User=0.05s Sys=0.01s Real=0.01s
[2021-04-21T10:00:16.733+0500][gc,start     ] GC(9) Pause Young (Normal) (G1 Evacuation Pause)
[2021-04-21T10:00:16.733+0500][gc,task      ] GC(9) Using 8 workers of 8 for evacuation
[2021-04-21T10:00:16.737+0500][gc,phases    ] GC(9)   Pre Evacuate Collection Set: 0.1ms
[2021-04-21T10:00:16.737+0500][gc,phases    ] GC(9)   Merge Heap Roots: 0.1ms
[2021-04-21T10:00:16.737+0500][gc,phases    ] GC(9)   Evacuate Collection Set: 2.5ms
[2021-04-21T10:00:16.737+0500][gc,phases    ] GC(9)   Post Evacuate Collection Set: 0.4ms
[2021-04-21T10:00:16.737+0500][gc,phases    ] GC(9)   Other: 0.8ms
[2021-04-21T10:00:16.737+0500][gc,heap      ] GC(9) Eden regions: 61->0(200)
[2021-04-21T10:00:16.737+0500][gc,heap      ] GC(9) Survivor regions: 3->3(8)
[2021-04-21T10:00:16.737+0500][gc,heap      ] GC(9) Old regions: 14->14
[2021-04-21T10:00:16.737+0500][gc,heap      ] GC(9) Archive regions: 2->2
[2021-04-21T10:00:16.737+0500][gc,heap      ] GC(9) Humongous regions: 129->129
[2021-04-21T10:00:16.737+0500][gc,metaspace ] GC(9) Metaspace: 41000K(43212K)->41000K(43212K) NonClass: 36065K(37376K)->36065K(37376K) Class: 4935K(5836K)->4935K(5836K)
[2021-04-21T10:00:16.737+0500][gc           ] GC(9) Pause Young (Normal) (G1 Evacuation Pause) 207M->146M(1024M) 4.152ms
[2021-04-21T10:00:16.737+0500][gc,cpu       ] GC(9) User=0.02s Sys=0.00s Real=0.00s
[2021-04-21T11:09:03.908+0500][gc,start     ] GC(10) Pause Young (Normal) (G1 Evacuation Pause)
[2021-04-21T11:09:03.908+0500][gc,task      ] GC(10) Using 8 workers of 8 for evacuation
[2021-04-21T11:09:03.912+0500][gc,phases    ] GC(10)   Pre Evacuate Collection Set: 0.1ms
[2021-04-21T11:09:03.912+0500][gc,phases    ] GC(10)   Merge Heap Roots: 0.1ms
[2021-04-21T11:09:03.912+0500][gc,phases    ] GC(10)   Evacuate Collection Set: 3.5ms
[2021-04-21T11:09:03.912+0500][gc,phases    ] GC(10)   Post Evacuate Collection Set: 0.5ms
[2021-04-21T11:09:03.912+0500][gc,phases    ] GC(10)   Other: 0.2ms
[2021-04-21T11:09:03.912+0500][gc,heap      ] GC(10) Eden regions: 200->0(179)
[2021-04-21T11:09:03.912+0500][gc,heap      ] GC(10) Survivor regions: 3->5(26)
[2021-04-21T11:09:03.912+0500][gc,heap      ] GC(10) Old regions: 14->14
[2021-04-21T11:09:03.912+0500][gc,heap      ] GC(10) Archive regions: 2->2
[2021-04-21T11:09:03.912+0500][gc,heap      ] GC(10) Humongous regions: 129->129
[2021-04-21T11:09:03.912+0500][gc,metaspace ] GC(10) Metaspace: 41498K(43852K)->41498K(43852K) NonClass: 36543K(37888K)->36543K(37888K) Class: 4954K(5964K)->4954K(5964K)
[2021-04-21T11:09:03.912+0500][gc           ] GC(10) Pause Young (Normal) (G1 Evacuation Pause) 346M->148M(1024M) 4.577ms
[2021-04-21T11:09:03.912+0500][gc,cpu       ] GC(10) User=0.03s Sys=0.01s Real=0.01s
[2021-04-21T12:00:34.008+0500][gc,heap,exit ] Heap
[2021-04-21T12:00:34.008+0500][gc,heap,exit ]  garbage-first heap   total 1048576K, used 288315K [0x00000007c0000000, 0x0000000800000000)
[2021-04-21T12:00:34.008+0500][gc,heap,exit ]   region size 1024K, 140 young (143360K), 5 survivors (5120K)
[2021-04-21T12:00:34.008+0500][gc,heap,exit ]  Metaspace       used 42250K, capacity 44503K, committed 44620K, reserved 1087488K
[2021-04-21T12:00:34.008+0500][gc,heap,exit ]   class space    used 5130K, capacity 6124K, committed 6220K, reserved 1048576K
