[2021-04-21T09:08:32.861+0500][gc,heap] Heap region size: 1M
[2021-04-21T09:08:32.861+0500][gc,heap,coops] Heap address: 0x00000007e0000000, size: 512 MB, Compressed Oops mode: Zero based, Oop shift amount: 3
[2021-04-21T09:08:32.865+0500][gc           ] Using G1
[2021-04-21T09:08:32.865+0500][gc,cds       ] Mark closed archive regions in map: [0x00000007fff00000, 0x00000007fff7aff8]
[2021-04-21T09:08:32.865+0500][gc,cds       ] Mark open archive regions in map: [0x00000007ffe00000, 0x00000007ffe50ff8]
[2021-04-21T09:08:32.881+0500][gc           ] Periodic GC disabled
[2021-04-21T09:08:56.410+0500][gc,start     ] GC(0) Pause Young (Normal) (G1 Evacuation Pause)
[2021-04-21T09:08:56.411+0500][gc,task      ] GC(0) Using 8 workers of 8 for evacuation
[2021-04-21T09:08:56.417+0500][gc,phases    ] GC(0)   Pre Evacuate Collection Set: 0.1ms
[2021-04-21T09:08:56.417+0500][gc,phases    ] GC(0)   Merge Heap Roots: 0.1ms
[2021-04-21T09:08:56.417+0500][gc,phases    ] GC(0)   Evacuate Collection Set: 5.8ms
[2021-04-21T09:08:56.417+0500][gc,phases    ] GC(0)   Post Evacuate Collection Set: 0.4ms
[2021-04-21T09:08:56.417+0500][gc,phases    ] GC(0)   Other: 1.0ms
[2021-04-21T09:08:56.417+0500][gc,heap      ] GC(0) Eden regions: 25->0(21)
[2021-04-21T09:08:56.417+0500][gc,heap      ] GC(0) Survivor regions: 0->4(4)
[2021-04-21T09:08:56.417+0500][gc,heap      ] GC(0) Old regions: 0->2
[2021-04-21T09:08:56.417+0500][gc,heap      ] GC(0) Archive regions: 2->2
[2021-04-21T09:08:56.417+0500][gc,heap      ] GC(0) Humongous regions: 0->0
[2021-04-21T09:08:56.417+0500][gc,metaspace ] GC(0) Metaspace: 7233K(7680K)->7233K(7680K) NonClass: 6399K(6656K)->6399K(6656K) Class: 834K(1024K)->834K(1024K)
[2021-04-21T09:08:56.417+0500][gc           ] GC(0) Pause Young (Normal) (G1 Evacuation Pause) 25M->5M(512M) 7.611ms
[2021-04-21T09:08:56.417+0500][gc,cpu       ] GC(0) User=0.03s Sys=0.02s Real=0.00s
