[2021-04-19T16:08:00.890+0500][gc,heap] Heap region size: 1M
[2021-04-19T16:08:00.891+0500][gc,heap,coops] Heap address: 0x00000007e0000000, size: 512 MB, Compressed Oops mode: Zero based, Oop shift amount: 3
[2021-04-19T16:08:00.895+0500][gc           ] Using G1
[2021-04-19T16:08:00.895+0500][gc,cds       ] Mark closed archive regions in map: [0x00000007fff00000, 0x00000007fff7aff8]
[2021-04-19T16:08:00.896+0500][gc,cds       ] Mark open archive regions in map: [0x00000007ffe00000, 0x00000007ffe50ff8]
[2021-04-19T16:08:00.911+0500][gc           ] Periodic GC disabled
[2021-04-19T16:11:37.233+0500][gc,start     ] GC(0) Pause Young (Normal) (G1 Evacuation Pause)
[2021-04-19T16:11:37.233+0500][gc,task      ] GC(0) Using 8 workers of 8 for evacuation
[2021-04-19T16:11:37.237+0500][gc,phases    ] GC(0)   Pre Evacuate Collection Set: 0.1ms
[2021-04-19T16:11:37.237+0500][gc,phases    ] GC(0)   Merge Heap Roots: 0.0ms
[2021-04-19T16:11:37.237+0500][gc,phases    ] GC(0)   Evacuate Collection Set: 3.3ms
[2021-04-19T16:11:37.237+0500][gc,phases    ] GC(0)   Post Evacuate Collection Set: 0.3ms
[2021-04-19T16:11:37.237+0500][gc,phases    ] GC(0)   Other: 0.8ms
[2021-04-19T16:11:37.237+0500][gc,heap      ] GC(0) Eden regions: 25->0(21)
[2021-04-19T16:11:37.237+0500][gc,heap      ] GC(0) Survivor regions: 0->4(4)
[2021-04-19T16:11:37.237+0500][gc,heap      ] GC(0) Old regions: 0->2
[2021-04-19T16:11:37.237+0500][gc,heap      ] GC(0) Archive regions: 2->2
[2021-04-19T16:11:37.237+0500][gc,heap      ] GC(0) Humongous regions: 0->0
[2021-04-19T16:11:37.237+0500][gc,metaspace ] GC(0) Metaspace: 7123K(7680K)->7123K(7680K) NonClass: 6302K(6656K)->6302K(6656K) Class: 821K(1024K)->821K(1024K)
[2021-04-19T16:11:37.237+0500][gc           ] GC(0) Pause Young (Normal) (G1 Evacuation Pause) 25M->5M(512M) 4.683ms
[2021-04-19T16:11:37.237+0500][gc,cpu       ] GC(0) User=0.01s Sys=0.01s Real=0.00s
[2021-04-19T16:13:52.023+0500][gc,heap,exit ] Heap
[2021-04-19T16:13:52.024+0500][gc,heap,exit ]  garbage-first heap   total 524288K, used 10042K [0x00000007e0000000, 0x0000000800000000)
[2021-04-19T16:13:52.024+0500][gc,heap,exit ]   region size 1024K, 10 young (10240K), 4 survivors (4096K)
[2021-04-19T16:13:52.024+0500][gc,heap,exit ]  Metaspace       used 7578K, capacity 7859K, committed 7936K, reserved 1056768K
[2021-04-19T16:13:52.024+0500][gc,heap,exit ]   class space    used 861K, capacity 963K, committed 1024K, reserved 1048576K
